// Jest Snapshot v1, https://goo.gl/fbAQLP

exports[`<Splash /> renders correctly 1`] = `
<div>
  loading...
</div>
`;
